Microchip MPLAB XC8 Compiler V1.34 ()

Linker command line:

--edf=C:\Program Files (x86)\Microchip\xc8\v1.34\dat\en_msgs.txt -cs \
  -h+dist/default/production\KEY_PAD.X.production.sym \
  --cmf=dist/default/production\KEY_PAD.X.production.cmf -z -Q16F877A \
  -oC:\Users\Lahiru\AppData\Local\Temp\s1v0.6 \
  -Mdist/default/production/KEY_PAD.X.production.map -E1 -ver=XC8 \
  -ASTACK=0110h-016fh -pstack=STACK -ACODE=00h-07FFhx4 -ASTRCODE=00h-01FFFh \
  -ASTRING=00h-0FFhx32 -ACONST=00h-0FFhx32 -AENTRY=00h-0FFhx32 \
  -ACOMMON=070h-07Fh -ABANK0=020h-06Fh -ABANK1=0A0h-0EFh \
  -ABANK2=0110h-016Fh -ABANK3=0190h-01EFh \
  -ARAM=020h-06Fh,0A0h-0EFh,0110h-016Fh,0190h-01EFh \
  -AABS1=020h-07Fh,0A0h-0EFh,0110h-016Fh,0190h-01EFh -ASFR0=00h-01Fh \
  -ASFR1=080h-09Fh -ASFR2=0100h-010Fh -ASFR3=0180h-018Fh \
  -preset_vec=00h,intentry,init,end_init -ppowerup=CODE -pcinit=CODE \
  -pfunctab=CODE -ACONFIG=02007h-02007h -pconfig=CONFIG -DCONFIG=2 \
  -AIDLOC=02000h-02003h -pidloc=IDLOC -DIDLOC=2 -AEEDATA=00h-0FFh/02100h \
  -peeprom_data=EEDATA -DEEDATA=2 -DCODE=2 -DSTRCODE=2 -DSTRING=2 -DCONST=2 \
  -DENTRY=2 -k C:\Users\Lahiru\AppData\Local\Temp\s1v0.obj \
  dist/default/production\KEY_PAD.X.production.obj 

Object code version is 3.11

Machine type is 16F877A



                Name                               Link     Load   Length Selector   Space Scale
C:\Users\Lahiru\AppData\Local\Temp\s1v0.obj
                end_init                              0        0        3        0       0
                config                             2007     2007        1     400E       0
dist/default/production\KEY_PAD.X.production.obj
                cinit                               7E4      7E4       1C      FC8       0
                text62                             1B0D     1B0D        9     361A       0
                text61                             1C8F     1C8F       30     391E       0
                text60                             1B9A     1B9A       1A     3734       0
                text59                             1BB4     1BB4       1A     3768       0
                text58                             1F6B     1F6B       4A     3ED6       0
                text57                             1E2F     1E2F       39     3C5E       0
                text56                             1EA4     1EA4       3D     3D48       0
                text55                             111D     111D       6C     223A       0
                text54                              A09      A09       D3     1412       0
                text53                             1265     1265       8C     24CA       0
                text52                             1B86     1B86       14     370C       0
                text51                             1E68     1E68       3C     3CD0       0
                text50                             1CEF     1CEF       32     39DE       0
                text49                              ADC      ADC      123     15B8       0
                text48                              D45      D45      157     1A8A       0
                text47                             137F     137F       8F     26FE       0
                text46                             1D21     1D21       33     3A42       0
                text45                             1AE5     1AE5        8     35CA       0
                text44                             1C6C     1C6C       23     38D8       0
                text43                             1F24     1F24       47     3E48       0
                text42                             1BCE     1BCE       1D     379C       0
                text41                             1EE1     1EE1       43     3DC2       0
                text40                             1B31     1B31        B     3662       0
                text39                             11F6     11F6       6F     23EC       0
                text38                             1B48     1B48        D     3690       0
                text37                             1D54     1D54       35     3AA8       0
                text36                              E9C      E9C      164     1D38       0
                text35                             1CBF     1CBF       30     397E       0
                text34                             1002     1002        D     2004       0
                text33                             1B3C     1B3C        C     3678       0
                text32                             10C1     10C1       5C     2182       0
                text31                             100F     100F       59     201E       0
                text30                             1FB5     1FB5       4B     3F6A       0
                text29                              106      106      181      20C       0
                text28                              BFF      BFF      146     17FE       0
                text27                             1BEB     1BEB       1E     37D6       0
                text26                             1D89     1D89       36     3B12       0
                text25                             1B55     1B55       10     36AA       0
                text24                             1C4A     1C4A       22     3894       0
                text23                               12       12       F4       24       0
                text22                             1C09     1C09       20     3812       0
                text21                             12F1     12F1       8E     25E2       0
                text20                             1AED     1AED        8     35DA       0
                text19                             1B16     1B16        9     362C       0
                text18                             1B1F     1B1F        9     363E       0
                text17                             1B28     1B28        9     3650       0
                text16                             1AF5     1AF5        8     35EA       0
                text15                             1AFD     1AFD        8     35FA       0
                text14                             1B65     1B65       10     36CA       0
                text13                             1068     1068       59     20D0       0
                text12                             1B75     1B75       11     36EA       0
                text11                             1189     1189       6D     2312       0
                text10                             14A0     14A0       9B     2940       0
                text9                              1DBF     1DBF       38     3B7E       0
                text8                              15FD     15FD       E8     2BFA       0
                text7                              153B     153B       C2     2A76       0
                text6                              1C29     1C29       21     3852       0
                text5                                 4        4        E        8       0
                text4                              140E     140E       92     281C       0
                text3                               416      416      3CE      82C       0
                text2                               287      287      18F      50E       0
                text1                              1DF7     1DF7       38     3BEE       0
                maintext                           16E5     16E5      11B     2DCA       0
                cstackBANK0                          20       20       2A       20       1
                cstackCOMMON                         70       70        E       70       1
                clrtext                            1B05     1B05        8     360A       0
                bssBANK3                            190      190       24      190       1
                bssBANK1                             A0       A0       4E       A0       1
                bssBANK0                             4A       4A       25       20       1
                stringtext                          800      800      208       10       0

TOTAL           Name                               Link     Load   Length     Space
        CLASS   STACK          

        CLASS   CODE           
                end_init                              0        0        3         0
                cinit                               7E4      7E4       1C         0
                text62                             1B0D     1B0D        9         0
                text61                             1C8F     1C8F       30         0
                text60                             1B9A     1B9A       1A         0
                text59                             1BB4     1BB4       1A         0
                text58                             1F6B     1F6B       4A         0
                text57                             1E2F     1E2F       39         0
                text56                             1EA4     1EA4       3D         0
                text55                             111D     111D       6C         0
                text54                              A09      A09       D3         0
                text53                             1265     1265       8C         0
                text52                             1B86     1B86       14         0
                text51                             1E68     1E68       3C         0
                text50                             1CEF     1CEF       32         0
                text49                              ADC      ADC      123         0
                text48                              D45      D45      157         0
                text47                             137F     137F       8F         0
                text46                             1D21     1D21       33         0
                text45                             1AE5     1AE5        8         0
                text44                             1C6C     1C6C       23         0
                text43                             1F24     1F24       47         0
                text42                             1BCE     1BCE       1D         0
                text41                             1EE1     1EE1       43         0
                text40                             1B31     1B31        B         0
                text39                             11F6     11F6       6F         0
                text38                             1B48     1B48        D         0
                text37                             1D54     1D54       35         0
                text36                              E9C      E9C      164         0
                text35                             1CBF     1CBF       30         0
                text34                             1002     1002        D         0
                text33                             1B3C     1B3C        C         0
                text32                             10C1     10C1       5C         0
                text31                             100F     100F       59         0
                text30                             1FB5     1FB5       4B         0
                text29                              106      106      181         0
                text28                              BFF      BFF      146         0
                text27                             1BEB     1BEB       1E         0
                text26                             1D89     1D89       36         0
                text25                             1B55     1B55       10         0
                text24                             1C4A     1C4A       22         0
                text23                               12       12       F4         0
                text22                             1C09     1C09       20         0
                text21                             12F1     12F1       8E         0
                text20                             1AED     1AED        8         0
                text19                             1B16     1B16        9         0
                text18                             1B1F     1B1F        9         0
                text17                             1B28     1B28        9         0
                text16                             1AF5     1AF5        8         0
                text15                             1AFD     1AFD        8         0
                text14                             1B65     1B65       10         0
                text13                             1068     1068       59         0
                text12                             1B75     1B75       11         0
                text11                             1189     1189       6D         0
                text10                             14A0     14A0       9B         0
                text9                              1DBF     1DBF       38         0
                text8                              15FD     15FD       E8         0
                text7                              153B     153B       C2         0
                text6                              1C29     1C29       21         0
                text5                                 4        4        E         0
                text4                              140E     140E       92         0
                text3                               416      416      3CE         0
                text2                               287      287      18F         0
                text1                              1DF7     1DF7       38         0
                maintext                           16E5     16E5      11B         0
                clrtext                            1B05     1B05        8         0

        CLASS   STRCODE        
                stringtext                          800      800      208         0

        CLASS   STRING         

        CLASS   CONST          

        CLASS   ENTRY          

        CLASS   COMMON         
                cstackCOMMON                         70       70        E         1

        CLASS   BANK0          
                cstackBANK0                          20       20       2A         1
                bssBANK0                             4A       4A       25         1

        CLASS   BANK1          
                bssBANK1                             A0       A0       4E         1

        CLASS   BANK2          

        CLASS   BANK3          
                bssBANK3                            190      190       24         1

        CLASS   RAM            

        CLASS   ABS1           
                abs_s1                               7E       7E        2         1

        CLASS   SFR0           

        CLASS   SFR1           

        CLASS   SFR2           

        CLASS   SFR3           

        CLASS   CONFIG         
                config                             2007     2007        1         0

        CLASS   IDLOC          

        CLASS   EEDATA         



SEGMENTS        Name                           Load    Length   Top    Selector   Space  Class     Delta

                reset_vec                      000000  000003  000003         0       0  CODE        2
                text5                          000004  00000E  000012         8       0  CODE        2
                cstackBANK0                    000020  00004F  00006F        20       1  BANK0       1
                text23                         000012  0000F4  000106        24       0  CODE        2
                cstackCOMMON                   000070  00000E  00007E        70       1  COMMON      1
                bssBANK1                       0000A0  00004E  0000EE        A0       1  BANK1       1
                bssBANK3                       000190  000024  0001B4       190       1  BANK3       1
                text29                         000106  000181  000287       20C       0  CODE        2
                text2                          000287  00018F  000416       50E       0  CODE        2
                text3                          000416  0003CE  0007E4       82C       0  CODE        2
                cinit                          0007E4  00001C  000800       FC8       0  CODE        2
                stringtext                     000800  000208  000A08        10       0  STRCODE     2
                text54                         000A09  0000D3  000ADC      1412       0  CODE        2
                text49                         000ADC  000123  000BFF      15B8       0  CODE        2
                text28                         000BFF  000146  000D45      17FE       0  CODE        2
                text48                         000D45  000157  000E9C      1A8A       0  CODE        2
                text36                         000E9C  000164  001000      1D38       0  CODE        2
                text34                         001002  00000D  00100F      2004       0  CODE        2
                text31                         00100F  000059  001068      201E       0  CODE        2
                text13                         001068  000059  0010C1      20D0       0  CODE        2
                text32                         0010C1  00005C  00111D      2182       0  CODE        2
                text55                         00111D  00006C  001189      223A       0  CODE        2
                text11                         001189  00006D  0011F6      2312       0  CODE        2
                text39                         0011F6  00006F  001265      23EC       0  CODE        2
                text53                         001265  00008C  0012F1      24CA       0  CODE        2
                text21                         0012F1  00008E  00137F      25E2       0  CODE        2
                text47                         00137F  00008F  00140E      26FE       0  CODE        2
                text4                          00140E  000092  0014A0      281C       0  CODE        2
                text10                         0014A0  00009B  00153B      2940       0  CODE        2
                text7                          00153B  0000C2  0015FD      2A76       0  CODE        2
                text8                          0015FD  0000E8  0016E5      2BFA       0  CODE        2
                maintext                       0016E5  00011B  001800      2DCA       0  CODE        2
                text45                         001AE5  000008  001AED      35CA       0  CODE        2
                text20                         001AED  000008  001AF5      35DA       0  CODE        2
                text16                         001AF5  000008  001AFD      35EA       0  CODE        2
                text15                         001AFD  000008  001B05      35FA       0  CODE        2
                clrtext                        001B05  000008  001B0D      360A       0  CODE        2
                text62                         001B0D  000009  001B16      361A       0  CODE        2
                text19                         001B16  000009  001B1F      362C       0  CODE        2
                text18                         001B1F  000009  001B28      363E       0  CODE        2
                text17                         001B28  000009  001B31      3650       0  CODE        2
                text40                         001B31  00000B  001B3C      3662       0  CODE        2
                text33                         001B3C  00000C  001B48      3678       0  CODE        2
                text38                         001B48  00000D  001B55      3690       0  CODE        2
                text25                         001B55  000010  001B65      36AA       0  CODE        2
                text14                         001B65  000010  001B75      36CA       0  CODE        2
                text12                         001B75  000011  001B86      36EA       0  CODE        2
                text52                         001B86  000014  001B9A      370C       0  CODE        2
                text60                         001B9A  00001A  001BB4      3734       0  CODE        2
                text59                         001BB4  00001A  001BCE      3768       0  CODE        2
                text42                         001BCE  00001D  001BEB      379C       0  CODE        2
                text27                         001BEB  00001E  001C09      37D6       0  CODE        2
                text22                         001C09  000020  001C29      3812       0  CODE        2
                text6                          001C29  000021  001C4A      3852       0  CODE        2
                text24                         001C4A  000022  001C6C      3894       0  CODE        2
                text44                         001C6C  000023  001C8F      38D8       0  CODE        2
                text61                         001C8F  000030  001CBF      391E       0  CODE        2
                text35                         001CBF  000030  001CEF      397E       0  CODE        2
                text50                         001CEF  000032  001D21      39DE       0  CODE        2
                text46                         001D21  000033  001D54      3A42       0  CODE        2
                text37                         001D54  000035  001D89      3AA8       0  CODE        2
                text26                         001D89  000036  001DBF      3B12       0  CODE        2
                text9                          001DBF  000038  001DF7      3B7E       0  CODE        2
                text1                          001DF7  000038  001E2F      3BEE       0  CODE        2
                text57                         001E2F  000039  001E68      3C5E       0  CODE        2
                text51                         001E68  00003C  001EA4      3CD0       0  CODE        2
                text56                         001EA4  00003D  001EE1      3D48       0  CODE        2
                text41                         001EE1  000043  001F24      3DC2       0  CODE        2
                text43                         001F24  000047  001F6B      3E48       0  CODE        2
                text58                         001F6B  00004A  001FB5      3ED6       0  CODE        2
                text30                         001FB5  00004B  002000      3F6A       0  CODE        2
                config                         002007  000001  002008      400E       0  CONFIG      2


UNUSED ADDRESS RANGES

        Name                Unused          Largest block    Delta
        BANK0            006F-006F              1           1
        BANK1            00EE-00EF              2           1
        BANK2            0110-016F             60           1
        BANK3            01B4-01EF             3C           1
        CODE             0003-0003              1           2
                         0A08-0A08              1
                         1000-1001              2
                         1800-1AE4            2E5
        CONST            0003-0003              1           2
                         0A08-0A08              1
                         1000-1001              2
                         1800-1AE4            100
        EEDATA           2100-21FF            100           2
        ENTRY            0003-0003              1           2
                         0A08-0A08              1
                         1000-1001              2
                         1800-1AE4            100
        IDLOC            2000-2003              4           2
        RAM              006F-006F              1           1
                         00EE-00EF              2
                         0110-016F             60
                         01B4-01EF             3C
        SFR0             0000-001F             20           1
        SFR1             0080-009F             20           1
        SFR2             0100-010F             10           1
        SFR3             0180-018F             10           1
        STACK            0110-016F             60           1
        STRCODE          0003-0003              1           2
                         0A08-0A08              1
                         1000-1001              2
                         1800-1AE4            2E5
        STRING           0003-0003              1           2
                         0A08-0A08              1
                         1000-1001              2
                         1800-1AE4            100

                                  Symbol Table

?_ADC_Read                           cstackCOMMON 0070
?___aldiv                            cstackCOMMON 0070
?___awdiv                            cstackCOMMON 0070
?___awmod                            cstackCOMMON 0070
?___ftmul                            cstackBANK0  0020
?___ftpack                           cstackCOMMON 0070
?___fttol                            cstackCOMMON 0070
?___lwdiv                            cstackCOMMON 0070
?___lwmod                            cstackCOMMON 0078
?___lwtoft                           cstackCOMMON 0078
?___wmul                             cstackCOMMON 0070
?_atoi                               cstackCOMMON 0076
?_sprintf                            cstackBANK0  0020
ADC_Read@channel                     cstackCOMMON 0074
CLeakage@a                           cstackBANK0  0043
CLeakage@b                           cstackBANK0  003C
CLeakage@c                           cstackBANK0  0045
CLeakage@current_bits                cstackBANK0  0041
CLeakage@power                       cstackBANK0  003E
CLeakage@voltage                     cstackBANK0  0036
DisplayDateOnLCD@pDateArray          cstackBANK0  0020
DisplayTimeToLCD@pTimeArray          cstackBANK0  0020
EEPROMGET@x                          cstackCOMMON 0073
EEPROMSET@x                          cstackCOMMON 0076
GetKey@key                           cstackCOMMON 0074
GetKeyDate@key                       cstackCOMMON 007D
GetKeyNumber@key                     cstackCOMMON 0074
GetKeySettings@key                   cstackCOMMON 0078
GetKeySettings@set                   cstackCOMMON 0076
GetKeyTime@key                       cstackCOMMON 0076
I2C_Write_Byte@Byte                  cstackCOMMON 0070
InitUART@BAUDRATE                    cstackBANK0  0026
InitUnit@Key                         cstackBANK0  003D
Lcd_Cmd@a                            cstackCOMMON 0073
Lcd_Port@a                           cstackCOMMON 0070
Lcd_Set_Cursor@a                     cstackCOMMON 0077
Lcd_Set_Cursor@b                     cstackCOMMON 0074
Lcd_Set_Cursor@temp                  cstackCOMMON 007A
Lcd_Set_Cursor@y                     cstackCOMMON 0079
Lcd_Set_Cursor@z                     cstackCOMMON 0078
Lcd_Write_Char@a                     cstackCOMMON 0074
Lcd_Write_Char@temp                  cstackCOMMON 0072
Lcd_Write_Char@y                     cstackCOMMON 0073
Lcd_Write_String@a                   cstackCOMMON 0075
Lcd_Write_String@i                   cstackCOMMON 007A
Read_Bytes_From_DS1307_RTC@Address   cstackCOMMON 0076
Read_Bytes_From_DS1307_RTC@NoOfBytes cstackCOMMON 0072
Read_Bytes_From_DS1307_RTC@i         cstackCOMMON 0077
Read_Bytes_From_DS1307_RTC@pData     cstackCOMMON 0071
SendByteSerially@Byte                cstackCOMMON 0070
SendStringSerially@st                cstackCOMMON 0071
Set_DS1307_RTC_Date@Date             cstackCOMMON 007C
Set_DS1307_RTC_Date@Day              cstackCOMMON 007B
Set_DS1307_RTC_Date@Month            cstackCOMMON 0079
Set_DS1307_RTC_Date@Year             cstackCOMMON 007A
Set_DS1307_RTC_Time@Hours            cstackCOMMON 0079
Set_DS1307_RTC_Time@Mins             cstackCOMMON 007A
Set_DS1307_RTC_Time@Mode             cstackCOMMON 007C
Set_DS1307_RTC_Time@Secs             cstackCOMMON 007B
Settings@Key                         cstackBANK0  0038
Settings@nkey                        cstackBANK0  0039
Settings@x                           cstackBANK0  0036
Write_Bytes_To_DS1307_RTC@Address    cstackCOMMON 0075
Write_Bytes_To_DS1307_RTC@NoOfBytes  cstackCOMMON 0072
Write_Bytes_To_DS1307_RTC@i          cstackCOMMON 0076
Write_Bytes_To_DS1307_RTC@pData      cstackCOMMON 0071
_ACKDT                               (abs)        048D
_ACKEN                               (abs)        048C
_ACKSTAT                             (abs)        048E
_ADCON0                              (abs)        001F
_ADCON1                              (abs)        009F
_ADC_Init                            text62       1B0D
_ADC_Read                            text61       1C8F
_ADRESH                              (abs)        001E
_ADRESL                              (abs)        009E
_BRGH                                (abs)        04C2
_CLeakage                            text48       0D45
_CLeakage$926                        cstackBANK0  0039
_CREN                                (abs)        00C4
_CheckSensors                        text39       11F6
_DAY                                 bssBANK1     00BC
_DD                                  bssBANK1     00C6
_DisplayDateOnLCD                    text29       0106
_DisplayTimeToLCD                    text28       0BFF
_EEADR                               (abs)        010D
_EECON2                              (abs)        018D
_EEDATA                              (abs)        010C
_EEIF                                (abs)        006C
_EEPGD                               (abs)        0C67
_EEPROMGET                           text37       1D54
_EEPROMSET                           text26       1D89
_GO_nDONE                            (abs)        00FA
_GSM_Send                            text41       1EE1
_GetKey                              text25       1B55
_GetKeyDate                          text23       0012
_GetKeyNumber                        text22       1C09
_GetKeySettings                      text35       1CBF
_GetKeyTime                          text21       12F1
_Get_DS1307_RTC_Date                 text11       1189
_Get_DS1307_RTC_Time                 text10       14A0
_I2C_ReStart                         text20       1AED
_I2C_Read_Byte                       text19       1B16
_I2C_Send_ACK                        text18       1B1F
_I2C_Send_NACK                       text17       1B28
_I2C_Start                           text16       1AF5
_I2C_Stop                            text15       1AFD
_I2C_Write_Byte                      text14       1B65
_INTCON                              (abs)        000B
_InitI2C                             text34       1002
_InitKeypad                          text33       1B3C
_InitUART                            text46       1D21
_InitUnit                            text2        0287
_Lcd_Clear                           text40       1B31
_Lcd_Cmd                             text59       1BB4
_Lcd_Init                            text32       10C1
_Lcd_Port                            text60       1B9A
_Lcd_Set_Cursor                      text58       1F6B
_Lcd_Write_Char                      text57       1E2F
_Lcd_Write_String                    text56       1EA4
_MM                                  bssBANK1     00CB
_Msg_Setup                           text43       1F24
_OPTION_REG                          (abs)        0081
_PEN                                 (abs)        048A
_PORTB                               (abs)        0006
_PORTD                               (abs)        0008
_RB0                                 (abs)        0030
_RB1                                 (abs)        0031
_RB2                                 (abs)        0032
_RB3                                 (abs)        0033
_RB4                                 (abs)        0034
_RB5                                 (abs)        0035
_RB6                                 (abs)        0036
_RB7                                 (abs)        0037
_RC0                                 (abs)        0038
_RC1                                 (abs)        0039
_RC2                                 (abs)        003A
_RCEN                                (abs)        048B
_RCIE                                (abs)        0465
_RD                                  (abs)        0C60
_RD0                                 (abs)        0040
_RD1                                 (abs)        0041
_RD2                                 (abs)        0042
_RD3                                 (abs)        0043
_RD4                                 (abs)        0044
_RD5                                 (abs)        0045
_RD6                                 (abs)        0046
_RD7                                 (abs)        0047
_RE0                                 (abs)        0048
_RE1                                 (abs)        0049
_RE2                                 (abs)        004A
_READ_SWITCHES                       text36       0E9C
_RSEN                                (abs)        0489
_RX9                                 (abs)        00C6
_Read_Bytes_From_DS1307_RTC          text13       1068
_SEN                                 (abs)        0488
_SPBRG                               (abs)        0099
_SPEN                                (abs)        00C7
_SREN                                (abs)        00C5
_SSPADD                              (abs)        0093
_SSPBUF                              (abs)        0013
_SSPCON                              (abs)        0014
_SSPIF                               (abs)        0063
_SSPSTAT                             (abs)        0094
_SYNC                                (abs)        04C4
_SendByteSerially                    text45       1AE5
_SendMsg_Inti                        text42       1BCE
_SendStringSerially                  text44       1C6C
_Set_DS1307_RTC_Date                 text8        15FD
_Set_DS1307_RTC_Time                 text7        153B
_Settings                            text3        0416
_TRISA                               (abs)        0085
_TRISB                               (abs)        0086
_TRISC                               (abs)        0087
_TRISC3                              (abs)        043B
_TRISC4                              (abs)        043C
_TRISC6                              (abs)        043E
_TRISC7                              (abs)        043F
_TRISD                               (abs)        0088
_TRISE                               (abs)        0089
_TX9                                 (abs)        04C6
_TXEN                                (abs)        04C5
_TXIE                                (abs)        0464
_TXIF                                (abs)        0064
_TXREG                               (abs)        0019
_Temp                                bssBANK0     006E
_WR                                  (abs)        0C61
_WREN                                (abs)        0C62
_Write_Bytes_To_DS1307_RTC           text9        1DBF
_YY                                  bssBANK1     00D0
__CFG_BOREN$ON                       (abs)        0000
__CFG_CP$OFF                         (abs)        0000
__CFG_CPD$OFF                        (abs)        0000
__CFG_FOSC$HS                        (abs)        0000
__CFG_LVP$OFF                        (abs)        0000
__CFG_PWRTE$OFF                      (abs)        0000
__CFG_WDTE$OFF                       (abs)        0000
__CFG_WRT$OFF                        (abs)        0000
__Habs1                              abs1         0000
__Hbank0                             bank0        0000
__Hbank1                             bank1        0000
__Hbank2                             bank2        0000
__Hbank3                             bank3        0000
__HbssBANK0                          bssBANK0     0000
__HbssBANK1                          bssBANK1     0000
__HbssBANK3                          bssBANK3     0000
__Hcinit                             cinit        0800
__Hclrtext                           clrtext      0000
__Hcode                              code         0000
__Hcommon                            common       0000
__Hconfig                            config       2008
__HcstackBANK0                       cstackBANK0  0000
__HcstackCOMMON                      cstackCOMMON 0000
__Heeprom_data                       eeprom_data  0000
__Hend_init                          end_init     0003
__Hfunctab                           functab      0000
__Hidloc                             idloc        0000
__Hinit                              init         0000
__Hintentry                          intentry     0000
__Hmaintext                          maintext     0000
__Hpowerup                           powerup      0000
__Hram                               ram          0000
__Hreset_vec                         reset_vec    0000
__Hsfr0                              sfr0         0000
__Hsfr1                              sfr1         0000
__Hsfr2                              sfr2         0000
__Hsfr3                              sfr3         0000
__Hspace_0                           (abs)        2008
__Hspace_1                           (abs)        01B4
__Hspace_2                           (abs)        0000
__Hspace_3                           (abs)        0000
__Hstack                             stack        0000
__Hstrings                           strings      0000
__Hstringtext                        stringtext   0000
__Htext                              text         0000
__Labs1                              abs1         0000
__Lbank0                             bank0        0000
__Lbank1                             bank1        0000
__Lbank2                             bank2        0000
__Lbank3                             bank3        0000
__LbssBANK0                          bssBANK0     0000
__LbssBANK1                          bssBANK1     0000
__LbssBANK3                          bssBANK3     0000
__Lcinit                             cinit        07E4
__Lclrtext                           clrtext      0000
__Lcode                              code         0000
__Lcommon                            common       0000
__Lconfig                            config       2007
__LcstackBANK0                       cstackBANK0  0000
__LcstackCOMMON                      cstackCOMMON 0000
__Leeprom_data                       eeprom_data  0000
__Lend_init                          end_init     0000
__Lfunctab                           functab      0000
__Lidloc                             idloc        0000
__Linit                              init         0000
__Lintentry                          intentry     0000
__Lmaintext                          maintext     0000
__Lpowerup                           powerup      0000
__Lram                               ram          0000
__Lreset_vec                         reset_vec    0000
__Lsfr0                              sfr0         0000
__Lsfr1                              sfr1         0000
__Lsfr2                              sfr2         0000
__Lsfr3                              sfr3         0000
__Lspace_0                           (abs)        0000
__Lspace_1                           (abs)        0000
__Lspace_2                           (abs)        0000
__Lspace_3                           (abs)        0000
__Lstack                             stack        0000
__Lstrings                           strings      0000
__Lstringtext                        stringtext   0000
__Ltext                              text         0000
__S0                                 (abs)        2008
__S1                                 (abs)        01B4
__S2                                 (abs)        0000
__S3                                 (abs)        0000
___aldiv                             text47       137F
___aldiv@counter                     cstackBANK0  0020
___aldiv@dividend                    cstackCOMMON 0074
___aldiv@divisor                     cstackCOMMON 0070
___aldiv@quotient                    cstackBANK0  0022
___aldiv@sign                        cstackBANK0  0021
___awdiv                             text31       100F
___awdiv@counter                     cstackCOMMON 0075
___awdiv@dividend                    cstackCOMMON 0072
___awdiv@divisor                     cstackCOMMON 0070
___awdiv@quotient                    cstackCOMMON 0077
___awdiv@sign                        cstackCOMMON 0076
___awmod                             text30       1FB5
___awmod@counter                     cstackCOMMON 0075
___awmod@dividend                    cstackCOMMON 0072
___awmod@divisor                     cstackCOMMON 0070
___awmod@sign                        cstackCOMMON 0076
___bmul                              text12       1B75
___bmul@multiplicand                 cstackCOMMON 0070
___bmul@multiplier                   cstackCOMMON 0073
___bmul@product                      cstackCOMMON 0072
___ftmul                             text54       0A09
___ftmul@cntr                        cstackBANK0  002E
___ftmul@exp                         cstackBANK0  002A
___ftmul@f1                          cstackBANK0  0020
___ftmul@f2                          cstackBANK0  0023
___ftmul@f3_as_product               cstackBANK0  002B
___ftmul@sign                        cstackBANK0  002F
___ftpack                            text55       111D
___ftpack@arg                        cstackCOMMON 0070
___ftpack@exp                        cstackCOMMON 0073
___ftpack@sign                       cstackCOMMON 0074
___fttol                             text53       1265
___fttol@exp1                        cstackCOMMON 007D
___fttol@f1                          cstackCOMMON 0070
___fttol@lval                        cstackCOMMON 0079
___fttol@sign1                       cstackCOMMON 0078
___int_sp                            stack        0000
___latbits                           (abs)        0002
___lwdiv                             text51       1E68
___lwdiv@counter                     cstackCOMMON 0077
___lwdiv@dividend                    cstackCOMMON 0072
___lwdiv@divisor                     cstackCOMMON 0070
___lwdiv@quotient                    cstackCOMMON 0075
___lwmod                             text50       1CEF
___lwmod@counter                     cstackCOMMON 007D
___lwmod@dividend                    cstackCOMMON 007A
___lwmod@divisor                     cstackCOMMON 0078
___lwtoft                            text52       1B86
___lwtoft@c                          cstackCOMMON 0078
___sp                                stack        0000
___wmul                              text6        1C29
___wmul@multiplicand                 cstackCOMMON 0072
___wmul@multiplier                   cstackCOMMON 0070
___wmul@product                      cstackCOMMON 0074
__end_of_ADC_Init                    text62       1B16
__end_of_ADC_Read                    text61       1CBF
__end_of_CLeakage                    text48       0E9C
__end_of_CheckSensors                text39       1265
__end_of_DisplayDateOnLCD            text29       0287
__end_of_DisplayTimeToLCD            text28       0D45
__end_of_EEPROMGET                   text37       1D89
__end_of_EEPROMSET                   text26       1DBF
__end_of_GSM_Send                    text41       1F24
__end_of_GetKey                      text25       1B65
__end_of_GetKeyDate                  text23       0106
__end_of_GetKeyNumber                text22       1C29
__end_of_GetKeySettings              text35       1CEF
__end_of_GetKeyTime                  text21       137F
__end_of_Get_DS1307_RTC_Date         text11       11F6
__end_of_Get_DS1307_RTC_Time         text10       153B
__end_of_I2C_ReStart                 text20       1AF5
__end_of_I2C_Read_Byte               text19       1B1F
__end_of_I2C_Send_ACK                text18       1B28
__end_of_I2C_Send_NACK               text17       1B31
__end_of_I2C_Start                   text16       1AFD
__end_of_I2C_Stop                    text15       1B05
__end_of_I2C_Write_Byte              text14       1B75
__end_of_InitI2C                     text34       100F
__end_of_InitKeypad                  text33       1B48
__end_of_InitUART                    text46       1D54
__end_of_InitUnit                    text2        0416
__end_of_Lcd_Clear                   text40       1B3C
__end_of_Lcd_Cmd                     text59       1BCE
__end_of_Lcd_Init                    text32       111D
__end_of_Lcd_Port                    text60       1BB4
__end_of_Lcd_Set_Cursor              text58       1FB5
__end_of_Lcd_Write_Char              text57       1E68
__end_of_Lcd_Write_String            text56       1EE1
__end_of_Msg_Setup                   text43       1F6B
__end_of_READ_SWITCHES               text36       1000
__end_of_Read_Bytes_From_DS1307_RTC  text13       10C1
__end_of_SendByteSerially            text45       1AED
__end_of_SendMsg_Inti                text42       1BEB
__end_of_SendStringSerially          text44       1C8F
__end_of_Set_DS1307_RTC_Date         text8        16E5
__end_of_Set_DS1307_RTC_Time         text7        15FD
__end_of_Settings                    text3        07E4
__end_of_Write_Bytes_To_DS1307_RTC   text9        1DF7
__end_of___aldiv                     text47       140E
__end_of___awdiv                     text31       1068
__end_of___awmod                     text30       2000
__end_of___bmul                      text12       1B86
__end_of___ftmul                     text54       0ADC
__end_of___ftpack                    text55       1189
__end_of___fttol                     text53       12F1
__end_of___lwdiv                     text51       1EA4
__end_of___lwmod                     text50       1D21
__end_of___lwtoft                    text52       1B9A
__end_of___wmul                      text6        1C4A
__end_of__initialization             cinit        07FC
__end_of__stringtab                  stringtext   0812
__end_of_atoi                        text4        14A0
__end_of_avgpow                      text1        1E2F
__end_of_dpowers                     stringtext   081C
__end_of_isdigit                     text5        0012
__end_of_main                        maintext     1800
__end_of_readEEPROM                  text38       1B55
__end_of_sprintf                     text49       0BFF
__end_of_strcpy                      text24       1C6C
__end_of_writeEEPROM                 text27       1C09
__initialization                     cinit        07E4
__pbssBANK0                          bssBANK0     004A
__pbssBANK1                          bssBANK1     00A0
__pbssBANK3                          bssBANK3     0190
__pcstackBANK0                       cstackBANK0  0020
__pcstackCOMMON                      cstackCOMMON 0070
__pmaintext                          maintext     16E5
__pstringtext                        stringtext   0800
__ptext1                             text1        1DF7
__ptext10                            text10       14A0
__ptext11                            text11       1189
__ptext12                            text12       1B75
__ptext13                            text13       1068
__ptext14                            text14       1B65
__ptext15                            text15       1AFD
__ptext16                            text16       1AF5
__ptext17                            text17       1B28
__ptext18                            text18       1B1F
__ptext19                            text19       1B16
__ptext2                             text2        0287
__ptext20                            text20       1AED
__ptext21                            text21       12F1
__ptext22                            text22       1C09
__ptext23                            text23       0012
__ptext24                            text24       1C4A
__ptext25                            text25       1B55
__ptext26                            text26       1D89
__ptext27                            text27       1BEB
__ptext28                            text28       0BFF
__ptext29                            text29       0106
__ptext3                             text3        0416
__ptext30                            text30       1FB5
__ptext31                            text31       100F
__ptext32                            text32       10C1
__ptext33                            text33       1B3C
__ptext34                            text34       1002
__ptext35                            text35       1CBF
__ptext36                            text36       0E9C
__ptext37                            text37       1D54
__ptext38                            text38       1B48
__ptext39                            text39       11F6
__ptext4                             text4        140E
__ptext40                            text40       1B31
__ptext41                            text41       1EE1
__ptext42                            text42       1BCE
__ptext43                            text43       1F24
__ptext44                            text44       1C6C
__ptext45                            text45       1AE5
__ptext46                            text46       1D21
__ptext47                            text47       137F
__ptext48                            text48       0D45
__ptext49                            text49       0ADC
__ptext5                             text5        0004
__ptext50                            text50       1CEF
__ptext51                            text51       1E68
__ptext52                            text52       1B86
__ptext53                            text53       1265
__ptext54                            text54       0A09
__ptext55                            text55       111D
__ptext56                            text56       1EA4
__ptext57                            text57       1E2F
__ptext58                            text58       1F6B
__ptext59                            text59       1BB4
__ptext6                             text6        1C29
__ptext60                            text60       1B9A
__ptext61                            text61       1C8F
__ptext62                            text62       1B0D
__ptext7                             text7        153B
__ptext8                             text8        15FD
__ptext9                             text9        1DBF
__size_of_ADC_Init                   (abs)        0000
__size_of_ADC_Read                   (abs)        0000
__size_of_CLeakage                   (abs)        0000
__size_of_CheckSensors               (abs)        0000
__size_of_DisplayDateOnLCD           (abs)        0000
__size_of_DisplayTimeToLCD           (abs)        0000
__size_of_EEPROMGET                  (abs)        0000
__size_of_EEPROMSET                  (abs)        0000
__size_of_GSM_Send                   (abs)        0000
__size_of_GetKey                     (abs)        0000
__size_of_GetKeyDate                 (abs)        0000
__size_of_GetKeyNumber               (abs)        0000
__size_of_GetKeySettings             (abs)        0000
__size_of_GetKeyTime                 (abs)        0000
__size_of_Get_DS1307_RTC_Date        (abs)        0000
__size_of_Get_DS1307_RTC_Time        (abs)        0000
__size_of_I2C_ReStart                (abs)        0000
__size_of_I2C_Read_Byte              (abs)        0000
__size_of_I2C_Send_ACK               (abs)        0000
__size_of_I2C_Send_NACK              (abs)        0000
__size_of_I2C_Start                  (abs)        0000
__size_of_I2C_Stop                   (abs)        0000
__size_of_I2C_Write_Byte             (abs)        0000
__size_of_InitI2C                    (abs)        0000
__size_of_InitKeypad                 (abs)        0000
__size_of_InitUART                   (abs)        0000
__size_of_InitUnit                   (abs)        0000
__size_of_Lcd_Clear                  (abs)        0000
__size_of_Lcd_Cmd                    (abs)        0000
__size_of_Lcd_Init                   (abs)        0000
__size_of_Lcd_Port                   (abs)        0000
__size_of_Lcd_Set_Cursor             (abs)        0000
__size_of_Lcd_Write_Char             (abs)        0000
__size_of_Lcd_Write_String           (abs)        0000
__size_of_Msg_Setup                  (abs)        0000
__size_of_READ_SWITCHES              (abs)        0000
__size_of_Read_Bytes_From_DS1307_RTC (abs)        0000
__size_of_SendByteSerially           (abs)        0000
__size_of_SendMsg_Inti               (abs)        0000
__size_of_SendStringSerially         (abs)        0000
__size_of_Set_DS1307_RTC_Date        (abs)        0000
__size_of_Set_DS1307_RTC_Time        (abs)        0000
__size_of_Settings                   (abs)        0000
__size_of_Write_Bytes_To_DS1307_RTC  (abs)        0000
__size_of___aldiv                    (abs)        0000
__size_of___awdiv                    (abs)        0000
__size_of___awmod                    (abs)        0000
__size_of___bmul                     (abs)        0000
__size_of___ftmul                    (abs)        0000
__size_of___ftpack                   (abs)        0000
__size_of___fttol                    (abs)        0000
__size_of___lwdiv                    (abs)        0000
__size_of___lwmod                    (abs)        0000
__size_of___lwtoft                   (abs)        0000
__size_of___wmul                     (abs)        0000
__size_of_atoi                       (abs)        0000
__size_of_avgpow                     (abs)        0000
__size_of_isdigit                    (abs)        0000
__size_of_main                       (abs)        0000
__size_of_readEEPROM                 (abs)        0000
__size_of_sprintf                    (abs)        0000
__size_of_strcpy                     (abs)        0000
__size_of_writeEEPROM                (abs)        0000
__stringbase                         stringtext   0812
__stringtab                          stringtext   0800
_a                                   bssBANK0     004A
_ap                                  bssBANK1     00D5
_atoi                                text4        140E
_avgpow                              text1        1DF7
_avgpower                            bssBANK0     004C
_b                                   bssBANK0     004E
_c                                   bssBANK0     0050
_cDAY                                bssBANK1     00DA
_count                               bssBANK1     00A3
_current                             bssBANK1     00A0
_dpowers                             stringtext   0812
_e                                   bssBANK0     0052
_f                                   bssBANK0     0054
_g                                   bssBANK0     0056
_h                                   bssBANK0     0058
_hh                                  bssBANK1     00DF
_iDAY                                bssBANK1     00A7
_iDD                                 bssBANK0     005A
_iMM                                 bssBANK1     00A9
_iYY                                 bssBANK1     00AB
_iap                                 bssBANK0     005C
_ihh                                 bssBANK0     005E
_imm                                 bssBANK0     0060
_isdigit                             text5        0004
_isdigit$633                         cstackCOMMON 0070
_iss                                 bssBANK0     0062
_main                                maintext     16E5
_mins                                bssBANK0     0064
_mm                                  bssBANK1     00E4
_number                              bssBANK1     00AD
_pRTCArray                           bssBANK0     006A
_readEEPROM                          text38       1B48
_secs                                bssBANK0     0066
_sprintf                             text49       0ADC
_ss                                  bssBANK1     00E9
_strcpy                              text24       1C4A
_text                                bssBANK3     01A4
_txt                                 bssBANK3     0190
_writeEEPROM                         text27       1BEB
_x                                   bssBANK0     0068
atoi@a                               cstackCOMMON 007B
atoi@s                               cstackCOMMON 0076
atoi@sign                            cstackCOMMON 007A
btemp                                (abs)        007E
clear_ram0                           clrtext      1B05
end_of_initialization                cinit        07FC
intlevel0                            functab      0000
intlevel1                            functab      0000
intlevel2                            functab      0000
intlevel3                            functab      0000
intlevel4                            functab      0000
intlevel5                            functab      0000
isdigit@c                            cstackCOMMON 0071
ltemp                                (abs)        007E
ltemp0                               (abs)        007E
ltemp1                               (abs)        0082
ltemp2                               (abs)        0086
ltemp3                               (abs)        0080
readEEPROM@address                   cstackCOMMON 0070
reset_vec                            reset_vec    0000
sprintf@ap                           cstackBANK0  002B
sprintf@c                            cstackBANK0  0031
sprintf@cp                           cstackBANK0  002C
sprintf@f                            cstackBANK0  0020
sprintf@flag                         cstackBANK0  0029
sprintf@prec                         cstackBANK0  002A
sprintf@sp                           cstackBANK0  0030
sprintf@val                          cstackBANK0  002E
stackhi                              (abs)        0000
stacklo                              (abs)        0000
start                                init         0000
start_initialization                 cinit        07E4
strcpy@cp                            cstackCOMMON 0073
strcpy@from                          cstackCOMMON 0070
strcpy@to                            cstackCOMMON 0074
ttemp                                (abs)        007E
ttemp0                               (abs)        007E
ttemp1                               (abs)        0081
ttemp2                               (abs)        0084
ttemp3                               (abs)        0087
ttemp4                               (abs)        007F
writeEEPROM@INTCON_SAVE              cstackCOMMON 0073
writeEEPROM@address                  cstackCOMMON 0072
writeEEPROM@datas                    cstackCOMMON 0070
wtemp                                (abs)        007E
wtemp0                               (abs)        007E
wtemp1                               (abs)        0080
wtemp2                               (abs)        0082
wtemp3                               (abs)        0084
wtemp4                               (abs)        0086
wtemp5                               (abs)        0088
wtemp6                               (abs)        007F


FUNCTION INFORMATION:

 *************** function _main *****************
 Defined at:
		line 328 in file "RTC_F.c"
 Parameters:    Size  Location     Type
		None
 Auto vars:     Size  Location     Type
		None
 Return value:  Size  Location     Type
		None               void
 Registers used:
		wreg, fsr0l, fsr0h, status,2, status,0, btemp+1, pclath, cstack
 Tracked objects:
		On entry : 
		On exit  : 
		Unchanged: 
 Data sizes:     COMMON   BANK0   BANK1   BANK3   BANK2
      Params:         0       0       0       0       0
      Locals:         0       0       0       0       0
      Temps:          0       3       0       0       0
      Totals:         0       3       0       0       0
Total ram usage:        3 bytes
 Hardware stack levels required when called:    6
 This function calls:
		_CLeakage
		_CheckSensors
		_InitUnit
		_Lcd_Clear
		_Lcd_Set_Cursor
		_Lcd_Write_String
		___awdiv
		___awmod
		_avgpow
		_sprintf
 This function is called by:
		Startup code after reset
 This function uses a non-reentrant model


 *************** function _avgpow *****************
 Defined at:
		line 403 in file "RTC_F.c"
 Parameters:    Size  Location     Type
		None
 Auto vars:     Size  Location     Type
		None
 Return value:  Size  Location     Type
		None               void
 Registers used:
		wreg, fsr0l, fsr0h, status,2, status,0, btemp+1, pclath, cstack
 Tracked objects:
		On entry : 
		On exit  : 
		Unchanged: 
 Data sizes:     COMMON   BANK0   BANK1   BANK3   BANK2
      Params:         0       0       0       0       0
      Locals:         0       0       0       0       0
      Temps:          0       0       0       0       0
      Totals:         0       0       0       0       0
Total ram usage:        0 bytes
 Hardware stack levels used:    1
 Hardware stack levels required when called:    3
 This function calls:
		_Lcd_Clear
		_Lcd_Set_Cursor
		_Lcd_Write_String
		___awdiv
		_sprintf
 This function is called by:
		_main
 This function uses a non-reentrant model


 *************** function _InitUnit *****************
 Defined at:
		line 46 in file "RTC_F.c"
 Parameters:    Size  Location     Type
		None
 Auto vars:     Size  Location     Type
  Key             1   29[BANK0 ] unsigned char 
 Return value:  Size  Location     Type
		None               void
 Registers used:
		wreg, fsr0l, fsr0h, status,2, status,0, btemp+1, pclath, cstack
 Tracked objects:
		On entry : 
		On exit  : 
		Unchanged: 
 Data sizes:     COMMON   BANK0   BANK1   BANK3   BANK2
      Params:         0       0       0       0       0
      Locals:         0       1       0       0       0
      Temps:          0       3       0       0       0
      Totals:         0       4       0       0       0
Total ram usage:        4 bytes
 Hardware stack levels used:    1
 Hardware stack levels required when called:    5
 This function calls:
		_ADC_Init
		_EEPROMGET
		_GetKeySettings
		_InitI2C
		_InitKeypad
		_Lcd_Clear
		_Lcd_Init
		_Lcd_Set_Cursor
		_Lcd_Write_String
		_Settings
 This function is called by:
		_main
 This function uses a non-reentrant model


 *************** function _Settings *****************
 Defined at:
		line 107 in file "RTC_F.c"
 Parameters:    Size  Location     Type
		None
 Auto vars:     Size  Location     Type
  x               2   22[BANK0 ] int 
  nkey            1   25[BANK0 ] unsigned char 
  Key             1   24[BANK0 ] unsigned char 
 Return value:  Size  Location     Type
		None               void
 Registers used:
		wreg, fsr0l, fsr0h, status,2, status,0, btemp+1, pclath, cstack
 Tracked objects:
		On entry : 
		On exit  : 
		Unchanged: 
 Data sizes:     COMMON   BANK0   BANK1   BANK3   BANK2
      Params:         0       0       0       0       0
      Locals:         0       4       0       0       0
      Temps:          0       4       0       0       0
      Totals:         0       8       0       0       0
Total ram usage:        8 bytes
 Hardware stack levels used:    1
 Hardware stack levels required when called:    4
 This function calls:
		_DisplayDateOnLCD
		_DisplayTimeToLCD
		_EEPROMSET
		_GetKey
		_GetKeyDate
		_GetKeyNumber
		_GetKeyTime
		_Get_DS1307_RTC_Date
		_Get_DS1307_RTC_Time
		_Lcd_Clear
		_Lcd_Set_Cursor
		_Lcd_Write_Char
		_Lcd_Write_String
		_Set_DS1307_RTC_Date
		_Set_DS1307_RTC_Time
		_atoi
		_sprintf
 This function is called by:
		_InitUnit
 This function uses a non-reentrant model


 *************** function _atoi *****************
 Defined at:
		line 5 in file "C:\Program Files (x86)\Microchip\xc8\v1.34\sources\common\atoi.c"
 Parameters:    Size  Location     Type
  s               2    6[COMMON] PTR const unsigned char 
		 -> ROM(8192), cDAY(5), YY(5), MM(5), 
		 -> DD(5), ss(5), mm(5), hh(5), 
 Auto vars:     Size  Location     Type
  a               2   11[COMMON] int 
  sign            1   10[COMMON] unsigned char 
 Return value:  Size  Location     Type
                  2    6[COMMON] int 
 Registers used:
		wreg, fsr0l, fsr0h, status,2, status,0, btemp+1, pclath, cstack
 Tracked objects:
		On entry : 
		On exit  : 
		Unchanged: 
 Data sizes:     COMMON   BANK0   BANK1   BANK3   BANK2
      Params:         2       0       0       0       0
      Locals:         3       0       0       0       0
      Temps:          2       0       0       0       0
      Totals:         7       0       0       0       0
Total ram usage:        7 bytes
 Hardware stack levels used:    1
 Hardware stack levels required when called:    1
 This function calls:
		___wmul
		_isdigit
 This function is called by:
		_Settings
 This function uses a non-reentrant model


 *************** function _isdigit *****************
 Defined at:
		line 8 in file "C:\Program Files (x86)\Microchip\xc8\v1.34\sources\common\isdigit.c"
 Parameters:    Size  Location     Type
  c               1    wreg     unsigned char 
 Auto vars:     Size  Location     Type
  c               1    1[COMMON] unsigned char 
 Return value:  Size  Location     Type
		None               void
 Registers used:
		wreg, status,2, status,0
 Tracked objects:
		On entry : 
		On exit  : 
		Unchanged: 
 Data sizes:     COMMON   BANK0   BANK1   BANK3   BANK2
      Params:         0       0       0       0       0
      Locals:         2       0       0       0       0
      Temps:          0       0       0       0       0
      Totals:         2       0       0       0       0
Total ram usage:        2 bytes
 Hardware stack levels used:    1
 This function calls:
		Nothing
 This function is called by:
		_atoi
 This function uses a non-reentrant model


 *************** function ___wmul *****************
 Defined at:
		line 15 in file "C:\Program Files (x86)\Microchip\xc8\v1.34\sources\common\Umul16.c"
 Parameters:    Size  Location     Type
  multiplier      2    0[COMMON] unsigned int 
  multiplicand    2    2[COMMON] unsigned int 
 Auto vars:     Size  Location     Type
  product         2    4[COMMON] unsigned int 
 Return value:  Size  Location     Type
                  2    0[COMMON] unsigned int 
 Registers used:
		wreg, status,2, status,0
 Tracked objects:
		On entry : 
		On exit  : 
		Unchanged: 
 Data sizes:     COMMON   BANK0   BANK1   BANK3   BANK2
      Params:         4       0       0       0       0
      Locals:         2       0       0       0       0
      Temps:          0       0       0       0       0
      Totals:         6       0       0       0       0
Total ram usage:        6 bytes
 Hardware stack levels used:    1
 This function calls:
		Nothing
 This function is called by:
		_atoi
 This function uses a non-reentrant model


 *************** function _Set_DS1307_RTC_Time *****************
 Defined at:
		line 116 in file "DS1307.c"
 Parameters:    Size  Location     Type
  Mode            1    wreg     unsigned char 
  Hours           1    9[COMMON] unsigned char 
  Mins            1   10[COMMON] unsigned char 
  Secs            1   11[COMMON] unsigned char 
 Auto vars:     Size  Location     Type
  Mode            1   12[COMMON] unsigned char 
 Return value:  Size  Location     Type
		None               void
 Registers used:
		wreg, fsr0l, fsr0h, status,2, status,0, pclath, cstack
 Tracked objects:
		On entry : 
		On exit  : 
		Unchanged: 
 Data sizes:     COMMON   BANK0   BANK1   BANK3   BANK2
      Params:         3       0       0       0       0
      Locals:         1       0       0       0       0
      Temps:          0       8       0       0       0
      Totals:         4       8       0       0       0
Total ram usage:       12 bytes
 Hardware stack levels used:    1
 Hardware stack levels required when called:    2
 This function calls:
		_Write_Bytes_To_DS1307_RTC
		___awdiv
		___awmod
 This function is called by:
		_Settings
 This function uses a non-reentrant model


 *************** function _Set_DS1307_RTC_Date *****************
 Defined at:
		line 188 in file "DS1307.c"
 Parameters:    Size  Location     Type
  Date            1    wreg     unsigned char 
  Month           1    9[COMMON] unsigned char 
  Year            1   10[COMMON] unsigned char 
  Day             1   11[COMMON] unsigned char 
 Auto vars:     Size  Location     Type
  Date            1   12[COMMON] unsigned char 
 Return value:  Size  Location     Type
		None               void
 Registers used:
		wreg, fsr0l, fsr0h, status,2, status,0, pclath, cstack
 Tracked objects:
		On entry : 
		On exit  : 
		Unchanged: 
 Data sizes:     COMMON   BANK0   BANK1   BANK3   BANK2
      Params:         3       0       0       0       0
      Locals:         1       0       0       0       0
      Temps:          0       8       0       0       0
      Totals:         4       8       0       0       0
Total ram usage:       12 bytes
 Hardware stack levels used:    1
 Hardware stack levels required when called:    2
 This function calls:
		_Write_Bytes_To_DS1307_RTC
		___awdiv
		___awmod
 This function is called by:
		_Settings
 This function uses a non-reentrant model


 *************** function _Write_Bytes_To_DS1307_RTC *****************
 Defined at:
		line 56 in file "DS1307.c"
 Parameters:    Size  Location     Type
  Address         1    wreg     unsigned char 
  pData           1    1[COMMON] PTR unsigned char 
		 -> pRTCArray(4), 
  NoOfBytes       1    2[COMMON] unsigned char 
 Auto vars:     Size  Location     Type
  Address         1    5[COMMON] unsigned char 
  i               2    6[COMMON] unsigned int 
 Return value:  Size  Location     Type
		None               void
 Registers used:
		wreg, fsr0l, fsr0h, status,2, status,0, pclath, cstack
 Tracked objects:
		On entry : 
		On exit  : 
		Unchanged: 
 Data sizes:     COMMON   BANK0   BANK1   BANK3   BANK2
      Params:         2       0       0       0       0
      Locals:         3       0       0       0       0
      Temps:          2       0       0       0       0
      Totals:         7       0       0       0       0
Total ram usage:        7 bytes
 Hardware stack levels used:    1
 Hardware stack levels required when called:    1
 This function calls:
		_I2C_Start
		_I2C_Stop
		_I2C_Write_Byte
 This function is called by:
		_Set_DS1307_RTC_Time
		_Set_DS1307_RTC_Date
 This function uses a non-reentrant model


 *************** function _Get_DS1307_RTC_Time *****************
 Defined at:
		line 145 in file "DS1307.c"
 Parameters:    Size  Location     Type
		None
 Auto vars:     Size  Location     Type
		None
 Return value:  Size  Location     Type
                  1    wreg      PTR unsigned char 
 Registers used:
		wreg, fsr0l, fsr0h, status,2, status,0, pclath, cstack
 Tracked objects:
		On entry : 
		On exit  : 
		Unchanged: 
 Data sizes:     COMMON   BANK0   BANK1   BANK3   BANK2
      Params:         0       0       0       0       0
      Locals:         0       0       0       0       0
      Temps:          4       0       0       0       0
      Totals:         4       0       0       0       0
Total ram usage:        4 bytes
 Hardware stack levels used:    1
 Hardware stack levels required when called:    2
 This function calls:
		_Read_Bytes_From_DS1307_RTC
		___bmul
 This function is called by:
		_Settings
 This function uses a non-reentrant model


 *************** function _Get_DS1307_RTC_Date *****************
 Defined at:
		line 209 in file "DS1307.c"
 Parameters:    Size  Location     Type
		None
 Auto vars:     Size  Location     Type
		None
 Return value:  Size  Location     Type
                  1    wreg      PTR unsigned char 
 Registers used:
		wreg, fsr0l, fsr0h, status,2, status,0, pclath, cstack
 Tracked objects:
		On entry : 
		On exit  : 
		Unchanged: 
 Data sizes:     COMMON   BANK0   BANK1   BANK3   BANK2
      Params:         0       0       0       0       0
      Locals:         0       0       0       0       0
      Temps:          4       0       0       0       0
      Totals:         4       0       0       0       0
Total ram usage:        4 bytes
 Hardware stack levels used:    1
 Hardware stack levels required when called:    2
 This function calls:
		_Read_Bytes_From_DS1307_RTC
		___bmul
 This function is called by:
		_Settings
 This function uses a non-reentrant model


 *************** function ___bmul *****************
 Defined at:
		line 4 in file "C:\Program Files (x86)\Microchip\xc8\v1.34\sources\common\Umul8.c"
 Parameters:    Size  Location     Type
  multiplier      1    wreg     unsigned char 
  multiplicand    1    0[COMMON] unsigned char 
 Auto vars:     Size  Location     Type
  multiplier      1    3[COMMON] unsigned char 
  product         1    2[COMMON] unsigned char 
 Return value:  Size  Location     Type
                  1    wreg      unsigned char 
 Registers used:
		wreg, status,2, status,0
 Tracked objects:
		On entry : 
		On exit  : 
		Unchanged: 
 Data sizes:     COMMON   BANK0   BANK1   BANK3   BANK2
      Params:         1       0       0       0       0
      Locals:         2       0       0       0       0
      Temps:          1       0       0       0       0
      Totals:         4       0       0       0       0
Total ram usage:        4 bytes
 Hardware stack levels used:    1
 This function calls:
		Nothing
 This function is called by:
		_Get_DS1307_RTC_Time
		_Get_DS1307_RTC_Date
 This function uses a non-reentrant model


 *************** function _Read_Bytes_From_DS1307_RTC *****************
 Defined at:
		line 80 in file "DS1307.c"
 Parameters:    Size  Location     Type
  Address         1    wreg     unsigned char 
  pData           1    1[COMMON] PTR unsigned char 
		 -> pRTCArray(4), 
  NoOfBytes       2    2[COMMON] unsigned int 
 Auto vars:     Size  Location     Type
  Address         1    6[COMMON] unsigned char 
  i               2    7[COMMON] unsigned int 
 Return value:  Size  Location     Type
		None               void
 Registers used:
		wreg, fsr0l, fsr0h, status,2, status,0, pclath, cstack
 Tracked objects:
		On entry : 
		On exit  : 
		Unchanged: 
 Data sizes:     COMMON   BANK0   BANK1   BANK3   BANK2
      Params:         3       0       0       0       0
      Locals:         3       0       0       0       0
      Temps:          2       0       0       0       0
      Totals:         8       0       0       0       0
Total ram usage:        8 bytes
 Hardware stack levels used:    1
 Hardware stack levels required when called:    1
 This function calls:
		_I2C_ReStart
		_I2C_Read_Byte
		_I2C_Send_ACK
		_I2C_Send_NACK
		_I2C_Start
		_I2C_Stop
		_I2C_Write_Byte
 This function is called by:
		_Get_DS1307_RTC_Time
		_Get_DS1307_RTC_Date
 This function uses a non-reentrant model


 *************** function _I2C_Write_Byte *****************
 Defined at:
		line 65 in file "I2C.c"
 Parameters:    Size  Location     Type
  Byte            1    wreg     unsigned char 
 Auto vars:     Size  Location     Type
  Byte            1    0[COMMON] unsigned char 
 Return value:  Size  Location     Type
		None               void
 Registers used:
		wreg, status,2, status,0
 Tracked objects:
		On entry : 
		On exit  : 
		Unchanged: 
 Data sizes:     COMMON   BANK0   BANK1   BANK3   BANK2
      Params:         0       0       0       0       0
      Locals:         1       0       0       0       0
      Temps:          0       0       0       0       0
      Totals:         1       0       0       0       0
Total ram usage:        1 bytes
 Hardware stack levels used:    1
 This function calls:
		Nothing
 This function is called by:
		_Write_Bytes_To_DS1307_RTC
		_Read_Bytes_From_DS1307_RTC
		_Write_Byte_To_DS1307_RTC
		_Read_Byte_From_DS1307_RTC
 This function uses a non-reentrant model


 *************** function _I2C_Stop *****************
 Defined at:
		line 35 in file "I2C.c"
 Parameters:    Size  Location     Type
		None
 Auto vars:     Size  Location     Type
		None
 Return value:  Size  Location     Type
		None               void
 Registers used:
		None
 Tracked objects:
		On entry : 
		On exit  : 
		Unchanged: 
 Data sizes:     COMMON   BANK0   BANK1   BANK3   BANK2
      Params:         0       0       0       0       0
      Locals:         0       0       0       0       0
      Temps:          0       0       0       0       0
      Totals:         0       0       0       0       0
Total ram usage:        0 bytes
 Hardware stack levels used:    1
 This function calls:
		Nothing
 This function is called by:
		_Write_Bytes_To_DS1307_RTC
		_Read_Bytes_From_DS1307_RTC
		_Write_Byte_To_DS1307_RTC
		_Read_Byte_From_DS1307_RTC
 This function uses a non-reentrant model


 *************** function _I2C_Start *****************
 Defined at:
		line 17 in file "I2C.c"
 Parameters:    Size  Location     Type
		None
 Auto vars:     Size  Location     Type
		None
 Return value:  Size  Location     Type
		None               void
 Registers used:
		None
 Tracked objects:
		On entry : 
		On exit  : 
		Unchanged: 
 Data sizes:     COMMON   BANK0   BANK1   BANK3   BANK2
      Params:         0       0       0       0       0
      Locals:         0       0       0       0       0
      Temps:          0       0       0       0       0
      Totals:         0       0       0       0       0
Total ram usage:        0 bytes
 Hardware stack levels used:    1
 This function calls:
		Nothing
 This function is called by:
		_Write_Bytes_To_DS1307_RTC
		_Read_Bytes_From_DS1307_RTC
		_Write_Byte_To_DS1307_RTC
		_Read_Byte_From_DS1307_RTC
 This function uses a non-reentrant model


 *************** function _I2C_Send_NACK *****************
 Defined at:
		line 55 in file "I2C.c"
 Parameters:    Size  Location     Type
		None
 Auto vars:     Size  Location     Type
		None
 Return value:  Size  Location     Type
		None               void
 Registers used:
		None
 Tracked objects:
		On entry : 
		On exit  : 
		Unchanged: 
 Data sizes:     COMMON   BANK0   BANK1   BANK3   BANK2
      Params:         0       0       0       0       0
      Locals:         0       0       0       0       0
      Temps:          0       0       0       0       0
      Totals:         0       0       0       0       0
Total ram usage:        0 bytes
 Hardware stack levels used:    1
 This function calls:
		Nothing
 This function is called by:
		_Read_Bytes_From_DS1307_RTC
		_Read_Byte_From_DS1307_RTC
 This function uses a non-reentrant model


 *************** function _I2C_Send_ACK *****************
 Defined at:
		line 45 in file "I2C.c"
 Parameters:    Size  Location     Type
		None
 Auto vars:     Size  Location     Type
		None
 Return value:  Size  Location     Type
		None               void
 Registers used:
		None
 Tracked objects:
		On entry : 
		On exit  : 
		Unchanged: 
 Data sizes:     COMMON   BANK0   BANK1   BANK3   BANK2
      Params:         0       0       0       0       0
      Locals:         0       0       0       0       0
      Temps:          0       0       0       0       0
      Totals:         0       0       0       0       0
Total ram usage:        0 bytes
 Hardware stack levels used:    1
 This function calls:
		Nothing
 This function is called by:
		_Read_Bytes_From_DS1307_RTC
 This function uses a non-reentrant model


 *************** function _I2C_Read_Byte *****************
 Defined at:
		line 76 in file "I2C.c"
 Parameters:    Size  Location     Type
		None
 Auto vars:     Size  Location     Type
		None
 Return value:  Size  Location     Type
                  1    wreg      unsigned char 
 Registers used:
		wreg
 Tracked objects:
		On entry : 
		On exit  : 
		Unchanged: 
 Data sizes:     COMMON   BANK0   BANK1   BANK3   BANK2
      Params:         0       0       0       0       0
      Locals:         0       0       0       0       0
      Temps:          0       0       0       0       0
      Totals:         0       0       0       0       0
Total ram usage:        0 bytes
 Hardware stack levels used:    1
 This function calls:
		Nothing
 This function is called by:
		_Read_Bytes_From_DS1307_RTC
		_Read_Byte_From_DS1307_RTC
 This function uses a non-reentrant model


 *************** function _I2C_ReStart *****************
 Defined at:
		line 26 in file "I2C.c"
 Parameters:    Size  Location     Type
		None
[...]
 Parameters:    Size  Location     Type
  divisor         2    8[COMMON] unsigned int 
  dividend        2   10[COMMON] unsigned int 
 Auto vars:     Size  Location     Type
  counter         1   13[COMMON] unsigned char 
 Return value:  Size  Location     Type
                  2    8[COMMON] unsigned int 
 Registers used:
		wreg, status,2, status,0
 Tracked objects:
		On entry : 
		On exit  : 
		Unchanged: 
 Data sizes:     COMMON   BANK0   BANK1   BANK3   BANK2
      Params:         4       0       0       0       0
      Locals:         1       0       0       0       0
      Temps:          1       0       0       0       0
      Totals:         6       0       0       0       0
Total ram usage:        6 bytes
 Hardware stack levels used:    1
 This function calls:
		Nothing
 This function is called by:
		_sprintf
 This function uses a non-reentrant model


 *************** function ___lwdiv *****************
 Defined at:
		line 6 in file "C:\Program Files (x86)\Microchip\xc8\v1.34\sources\common\lwdiv.c"
 Parameters:    Size  Location     Type
  divisor         2    0[COMMON] unsigned int 
  dividend        2    2[COMMON] unsigned int 
 Auto vars:     Size  Location     Type
  quotient        2    5[COMMON] unsigned int 
  counter         1    7[COMMON] unsigned char 
 Return value:  Size  Location     Type
                  2    0[COMMON] unsigned int 
 Registers used:
		wreg, status,2, status,0
 Tracked objects:
		On entry : 
		On exit  : 
		Unchanged: 
 Data sizes:     COMMON   BANK0   BANK1   BANK3   BANK2
      Params:         4       0       0       0       0
      Locals:         3       0       0       0       0
      Temps:          1       0       0       0       0
      Totals:         8       0       0       0       0
Total ram usage:        8 bytes
 Hardware stack levels used:    1
 This function calls:
		Nothing
 This function is called by:
		_sprintf
 This function uses a non-reentrant model


 *************** function ___lwtoft *****************
 Defined at:
		line 28 in file "C:\Program Files (x86)\Microchip\xc8\v1.34\sources\common\lwtoft.c"
 Parameters:    Size  Location     Type
  c               2    8[COMMON] unsigned int 
 Auto vars:     Size  Location     Type
		None
 Return value:  Size  Location     Type
                  3    8[COMMON] float 
 Registers used:
		wreg, status,2, status,0, pclath, cstack
 Tracked objects:
		On entry : 
		On exit  : 
		Unchanged: 
 Data sizes:     COMMON   BANK0   BANK1   BANK3   BANK2
      Params:         3       0       0       0       0
      Locals:         0       0       0       0       0
      Temps:          1       0       0       0       0
      Totals:         4       0       0       0       0
Total ram usage:        4 bytes
 Hardware stack levels used:    1
 Hardware stack levels required when called:    1
 This function calls:
		___ftpack
 This function is called by:
		_CLeakage
 This function uses a non-reentrant model


 *************** function ___fttol *****************
 Defined at:
		line 44 in file "C:\Program Files (x86)\Microchip\xc8\v1.34\sources\common\fttol.c"
 Parameters:    Size  Location     Type
  f1              3    0[COMMON] float 
 Auto vars:     Size  Location     Type
  lval            4    9[COMMON] unsigned long 
  exp1            1   13[COMMON] unsigned char 
  sign1           1    8[COMMON] unsigned char 
 Return value:  Size  Location     Type
                  4    0[COMMON] long 
 Registers used:
		wreg, status,2, status,0
 Tracked objects:
		On entry : 
		On exit  : 
		Unchanged: 
 Data sizes:     COMMON   BANK0   BANK1   BANK3   BANK2
      Params:         4       0       0       0       0
      Locals:         6       0       0       0       0
      Temps:          4       0       0       0       0
      Totals:        14       0       0       0       0
Total ram usage:       14 bytes
 Hardware stack levels used:    1
 This function calls:
		Nothing
 This function is called by:
		_CLeakage
 This function uses a non-reentrant model


 *************** function ___ftmul *****************
 Defined at:
		line 62 in file "C:\Program Files (x86)\Microchip\xc8\v1.34\sources\common\ftmul.c"
 Parameters:    Size  Location     Type
  f1              3    0[BANK0 ] float 
  f2              3    3[BANK0 ] float 
 Auto vars:     Size  Location     Type
  f3_as_produc    3   11[BANK0 ] unsigned um
  sign            1   15[BANK0 ] unsigned char 
  cntr            1   14[BANK0 ] unsigned char 
  exp             1   10[BANK0 ] unsigned char 
 Return value:  Size  Location     Type
                  3    0[BANK0 ] float 
 Registers used:
		wreg, status,2, status,0, pclath, cstack
 Tracked objects:
		On entry : 
		On exit  : 
		Unchanged: 
 Data sizes:     COMMON   BANK0   BANK1   BANK3   BANK2
      Params:         0       6       0       0       0
      Locals:         0       6       0       0       0
      Temps:          0       4       0       0       0
      Totals:         0      16       0       0       0
Total ram usage:       16 bytes
 Hardware stack levels used:    1
 Hardware stack levels required when called:    1
 This function calls:
		___ftpack
 This function is called by:
		_CLeakage
 This function uses a non-reentrant model


 *************** function ___ftpack *****************
 Defined at:
		line 62 in file "C:\Program Files (x86)\Microchip\xc8\v1.34\sources\common\float.c"
 Parameters:    Size  Location     Type
  arg             3    0[COMMON] unsigned um
  exp             1    3[COMMON] unsigned char 
  sign            1    4[COMMON] unsigned char 
 Auto vars:     Size  Location     Type
		None
 Return value:  Size  Location     Type
                  3    0[COMMON] float 
 Registers used:
		wreg, status,2, status,0
 Tracked objects:
		On entry : 
		On exit  : 
		Unchanged: 
 Data sizes:     COMMON   BANK0   BANK1   BANK3   BANK2
      Params:         5       0       0       0       0
      Locals:         0       0       0       0       0
      Temps:          3       0       0       0       0
      Totals:         8       0       0       0       0
Total ram usage:        8 bytes
 Hardware stack levels used:    1
 This function calls:
		Nothing
 This function is called by:
		___ftmul
		___lwtoft
 This function uses a non-reentrant model


 *************** function _Lcd_Write_String *****************
 Defined at:
		line 103 in file "lcd.h"
 Parameters:    Size  Location     Type
  a               2    5[COMMON] PTR unsigned char 
		 -> STR_53(16), STR_52(14), STR_51(16), STR_49(12), 
		 -> STR_48(14), STR_47(12), text(16), STR_45(8), 
		 -> STR_44(9), STR_43(15), STR_42(14), STR_40(13), 
		 -> STR_39(14), STR_37(15), STR_36(15), STR_35(16), 
		 -> STR_34(13), STR_33(17), STR_32(15), STR_31(14), 
		 -> STR_30(16), STR_29(6), STR_28(16), STR_27(16), 
		 -> STR_26(16), STR_25(17), STR_24(12), STR_23(4), 
		 -> STR_22(4), STR_21(4), STR_20(4), STR_19(4), 
		 -> STR_18(4), STR_17(4), STR_16(4), STR_15(3), 
		 -> STR_14(3), txt(20), STR_10(4), number(15), 
 Auto vars:     Size  Location     Type
  i               2   10[COMMON] int 
 Return value:  Size  Location     Type
		None               void
 Registers used:
		wreg, fsr0l, fsr0h, status,2, status,0, btemp+1, pclath, cstack
 Tracked objects:
		On entry : 
		On exit  : 
		Unchanged: 
 Data sizes:     COMMON   BANK0   BANK1   BANK3   BANK2
      Params:         2       0       0       0       0
      Locals:         2       0       0       0       0
      Temps:          3       0       0       0       0
      Totals:         7       0       0       0       0
Total ram usage:        7 bytes
 Hardware stack levels used:    1
 Hardware stack levels required when called:    2
 This function calls:
		_Lcd_Write_Char
 This function is called by:
		_GetKeyDate
		_DisplayTimeToLCD
		_DisplayDateOnLCD
		_InitUnit
		_Settings
		_CLeakage
		_CheckSensors
		_main
		_avgpow
 This function uses a non-reentrant model


 *************** function _Lcd_Write_Char *****************
 Defined at:
		line 87 in file "lcd.h"
 Parameters:    Size  Location     Type
  a               1    wreg     unsigned char 
 Auto vars:     Size  Location     Type
  a               1    4[COMMON] unsigned char 
  y               1    3[COMMON] unsigned char 
  temp            1    2[COMMON] unsigned char 
 Return value:  Size  Location     Type
		None               void
 Registers used:
		wreg, status,2, status,0, pclath, cstack
 Tracked objects:
		On entry : 
		On exit  : 
		Unchanged: 
 Data sizes:     COMMON   BANK0   BANK1   BANK3   BANK2
      Params:         0       0       0       0       0
      Locals:         3       0       0       0       0
      Temps:          1       0       0       0       0
      Totals:         4       0       0       0       0
Total ram usage:        4 bytes
 Hardware stack levels used:    1
 Hardware stack levels required when called:    1
 This function calls:
		_Lcd_Port
 This function is called by:
		_Lcd_Write_String
		_DisplayTimeToLCD
		_DisplayDateOnLCD
		_Settings
 This function uses a non-reentrant model


 *************** function _Lcd_Set_Cursor *****************
 Defined at:
		line 47 in file "lcd.h"
 Parameters:    Size  Location     Type
  a               1    wreg     unsigned char 
  b               1    4[COMMON] unsigned char 
 Auto vars:     Size  Location     Type
  a               1    7[COMMON] unsigned char 
  temp            1   10[COMMON] unsigned char 
  y               1    9[COMMON] unsigned char 
  z               1    8[COMMON] unsigned char 
 Return value:  Size  Location     Type
		None               void
 Registers used:
		wreg, status,2, status,0, pclath, cstack
 Tracked objects:
		On entry : 
		On exit  : 
		Unchanged: 
 Data sizes:     COMMON   BANK0   BANK1   BANK3   BANK2
      Params:         1       0       0       0       0
      Locals:         4       0       0       0       0
      Temps:          2       0       0       0       0
      Totals:         7       0       0       0       0
Total ram usage:        7 bytes
 Hardware stack levels used:    1
 Hardware stack levels required when called:    2
 This function calls:
		_Lcd_Cmd
 This function is called by:
		_DisplayTimeToLCD
		_DisplayDateOnLCD
		_InitUnit
		_Settings
		_CLeakage
		_CheckSensors
		_main
		_avgpow
 This function uses a non-reentrant model


 *************** function _Lcd_Cmd *****************
 Defined at:
		line 32 in file "lcd.h"
 Parameters:    Size  Location     Type
  a               1    wreg     unsigned char 
 Auto vars:     Size  Location     Type
  a               1    3[COMMON] unsigned char 
 Return value:  Size  Location     Type
		None               void
 Registers used:
		wreg, status,2, status,0, pclath, cstack
 Tracked objects:
		On entry : 
		On exit  : 
		Unchanged: 
 Data sizes:     COMMON   BANK0   BANK1   BANK3   BANK2
      Params:         0       0       0       0       0
      Locals:         1       0       0       0       0
      Temps:          2       0       0       0       0
      Totals:         3       0       0       0       0
Total ram usage:        3 bytes
 Hardware stack levels used:    1
 Hardware stack levels required when called:    1
 This function calls:
		_Lcd_Port
 This function is called by:
		_Lcd_Clear
		_Lcd_Set_Cursor
		_Lcd_Init
		_Lcd_Shift_Right
		_Lcd_Shift_Left
 This function uses a non-reentrant model


 *************** function _Lcd_Port *****************
 Defined at:
		line 10 in file "lcd.h"
 Parameters:    Size  Location     Type
  a               1    wreg     unsigned char 
 Auto vars:     Size  Location     Type
  a               1    0[COMMON] unsigned char 
 Return value:  Size  Location     Type
		None               void
 Registers used:
		wreg
 Tracked objects:
		On entry : 
		On exit  : 
		Unchanged: 
 Data sizes:     COMMON   BANK0   BANK1   BANK3   BANK2
      Params:         0       0       0       0       0
      Locals:         1       0       0       0       0
      Temps:          0       0       0       0       0
      Totals:         1       0       0       0       0
Total ram usage:        1 bytes
 Hardware stack levels used:    1
 This function calls:
		Nothing
 This function is called by:
		_Lcd_Cmd
		_Lcd_Init
		_Lcd_Write_Char
 This function uses a non-reentrant model


 *************** function _ADC_Read *****************
 Defined at:
		line 14 in file "ADC.h"
 Parameters:    Size  Location     Type
  channel         1    wreg     unsigned char 
 Auto vars:     Size  Location     Type
  channel         1    4[COMMON] unsigned char 
 Return value:  Size  Location     Type
                  2    0[COMMON] unsigned int 
 Registers used:
		wreg, status,2, status,0
 Tracked objects:
		On entry : 
		On exit  : 
		Unchanged: 
 Data sizes:     COMMON   BANK0   BANK1   BANK3   BANK2
      Params:         2       0       0       0       0
      Locals:         1       0       0       0       0
      Temps:          2       0       0       0       0
      Totals:         5       0       0       0       0
Total ram usage:        5 bytes
 Hardware stack levels used:    1
 This function calls:
		Nothing
 This function is called by:
		_CLeakage
 This function uses a non-reentrant model


 *************** function _ADC_Init *****************
 Defined at:
		line 8 in file "ADC.h"
 Parameters:    Size  Location     Type
		None
 Auto vars:     Size  Location     Type
		None
 Return value:  Size  Location     Type
		None               void
 Registers used:
		wreg
 Tracked objects:
		On entry : 
		On exit  : 
		Unchanged: 
 Data sizes:     COMMON   BANK0   BANK1   BANK3   BANK2
      Params:         0       0       0       0       0
      Locals:         0       0       0       0       0
      Temps:          0       0       0       0       0
      Totals:         0       0       0       0       0
Total ram usage:        0 bytes
 Hardware stack levels used:    1
 This function calls:
		Nothing
 This function is called by:
		_InitUnit
		_CLeakage
 This function uses a non-reentrant model



MODULE INFORMATION

Module		Function		Class		Link	Load	Size
keypad.h
		_GetKeyNumber  		CODE           	1C09	0000	33
		_GetKeyDate    		CODE           	0012	0000	245
		_GetKeyTime    		CODE           	12F1	0000	143
		_GetKey        		CODE           	1B55	0000	17
		_InitKeypad    		CODE           	1B3C	0000	13
		_GetKeySettings		CODE           	1CBF	0000	49
		_READ_SWITCHES 		CODE           	0E9C	0000	357

keypad.h estimated size: 857

C:\Program Files (x86)\Microchip\xc8\v1.34\sources\common\float.c
		___ftpack      		CODE           	111D	0000	109

C:\Program Files (x86)\Microchip\xc8\v1.34\sources\common\float.c estimated size: 109

C:\Program Files (x86)\Microchip\xc8\v1.34\sources\common\atoi.c
		_atoi          		CODE           	140E	0000	147

C:\Program Files (x86)\Microchip\xc8\v1.34\sources\common\atoi.c estimated size: 147

I2C.c
		_I2C_Stop      		CODE           	1AFD	0000	9
		_InitI2C       		CODE           	1002	0000	14
		_I2C_Write_Byte		CODE           	1B65	0000	17
		_I2C_Read_Byte 		CODE           	1B16	0000	10
		_I2C_Send_ACK  		CODE           	1B1F	0000	10
		_I2C_Send_NACK 		CODE           	1B28	0000	10
		_I2C_Start     		CODE           	1AF5	0000	9
		_I2C_ReStart   		CODE           	1AED	0000	9

I2C.c estimated size: 88

C:\Program Files (x86)\Microchip\xc8\v1.34\sources\common\lwmod.c
		___lwmod       		CODE           	1CEF	0000	51

C:\Program Files (x86)\Microchip\xc8\v1.34\sources\common\lwmod.c estimated size: 51

DateTimeDisplay.h
		_DisplayDateOnL		CODE           	0106	0000	386
		_DisplayTimeToL		CODE           	0BFF	0000	327

DateTimeDisplay.h estimated size: 713

C:\Program Files (x86)\Microchip\xc8\v1.34\sources\common\awmod.c
		___awmod       		CODE           	1FB5	0000	76

C:\Program Files (x86)\Microchip\xc8\v1.34\sources\common\awmod.c estimated size: 76

C:\Program Files (x86)\Microchip\xc8\v1.34\sources\common\ftmul.c
		___ftmul       		CODE           	0A09	0000	212

C:\Program Files (x86)\Microchip\xc8\v1.34\sources\common\ftmul.c estimated size: 212

C:\Program Files (x86)\Microchip\xc8\v1.34\sources\common\isdigit.c
		_isdigit       		CODE           	0004	0000	15

C:\Program Files (x86)\Microchip\xc8\v1.34\sources\common\isdigit.c estimated size: 15

EEPROM.h
		_readEEPROM    		CODE           	1B48	0000	14
		_writeEEPROM   		CODE           	1BEB	0000	31

EEPROM.h estimated size: 45

C:\Program Files (x86)\Microchip\xc8\v1.34\sources\common\lwtoft.c
		___lwtoft      		CODE           	1B86	0000	21

C:\Program Files (x86)\Microchip\xc8\v1.34\sources\common\lwtoft.c estimated size: 21

shared
		__stringtab    		STRCODE        	0800	0000	19
		_dpowers       		STRCODE        	0812	0000	11
		__initializatio		CODE           	07E4	0000	25

shared estimated size: 55

DS1307.c
		_Write_Bytes_To		CODE           	1DBF	0000	57
		_Get_DS1307_RTC		CODE           	1189	0000	110
		_Read_Bytes_Fro		CODE           	1068	0000	90
		_Get_DS1307_RTC		CODE           	14A0	0000	156
		_Set_DS1307_RTC		CODE           	15FD	0000	233
		_Set_DS1307_RTC		CODE           	153B	0000	195

DS1307.c estimated size: 841

C:\Program Files (x86)\Microchip\xc8\v1.34\sources\common\strcpy.c
		_strcpy        		CODE           	1C4A	0000	35

C:\Program Files (x86)\Microchip\xc8\v1.34\sources\common\strcpy.c estimated size: 35

GSM.h
		_InitUART      		CODE           	1D21	0000	52
		_SendMsg_Inti  		CODE           	1BCE	0000	30
		_SendByteSerial		CODE           	1AE5	0000	9
		_GSM_Send      		CODE           	1EE1	0000	68
		_Msg_Setup     		CODE           	1F24	0000	72
		_SendStringSeri		CODE           	1C6C	0000	36

GSM.h estimated size: 267

C:\Program Files (x86)\Microchip\xc8\v1.34\sources\common\lwdiv.c
		___lwdiv       		CODE           	1E68	0000	61

C:\Program Files (x86)\Microchip\xc8\v1.34\sources\common\lwdiv.c estimated size: 61

C:\Program Files (x86)\Microchip\xc8\v1.34\sources\common\awdiv.c
		___awdiv       		CODE           	100F	0000	90

C:\Program Files (x86)\Microchip\xc8\v1.34\sources\common\awdiv.c estimated size: 90

ADC.h
		_ADC_Read      		CODE           	1C8F	0000	49
		_ADC_Init      		CODE           	1B0D	0000	10

ADC.h estimated size: 59

C:\Program Files (x86)\Microchip\xc8\v1.34\sources\common\aldiv.c
		___aldiv       		CODE           	137F	0000	144

C:\Program Files (x86)\Microchip\xc8\v1.34\sources\common\aldiv.c estimated size: 144

lcd.h
		_Lcd_Write_Stri		CODE           	1EA4	0000	62
		_Lcd_Init      		CODE           	10C1	0000	93
		_Lcd_Write_Char		CODE           	1E2F	0000	58
		_Lcd_Cmd       		CODE           	1BB4	0000	27
		_Lcd_Set_Cursor		CODE           	1F6B	0000	75
		_Lcd_Clear     		CODE           	1B31	0000	12
		_Lcd_Port      		CODE           	1B9A	0000	27

lcd.h estimated size: 354

C:\Program Files (x86)\Microchip\xc8\v1.34\sources\common\Umul8.c
		___bmul        		CODE           	1B75	0000	18

C:\Program Files (x86)\Microchip\xc8\v1.34\sources\common\Umul8.c estimated size: 18

C:\Program Files (x86)\Microchip\xc8\v1.34\sources\common\doprnt.c
		_sprintf       		CODE           	0ADC	0000	292

C:\Program Files (x86)\Microchip\xc8\v1.34\sources\common\doprnt.c estimated size: 292

C:\Program Files (x86)\Microchip\xc8\v1.34\sources\common\fttol.c
		___fttol       		CODE           	1265	0000	141

C:\Program Files (x86)\Microchip\xc8\v1.34\sources\common\fttol.c estimated size: 141

C:\Program Files (x86)\Microchip\xc8\v1.34\sources\common\Umul16.c
		___wmul        		CODE           	1C29	0000	34

C:\Program Files (x86)\Microchip\xc8\v1.34\sources\common\Umul16.c estimated size: 34

RTC_F.c
		_main          		CODE           	16E5	0000	284
		_CheckSensors  		CODE           	11F6	0000	112
		_InitUnit      		CODE           	0287	0000	400
		_EEPROMGET     		CODE           	1D54	0000	54
		_avgpow        		CODE           	1DF7	0000	57
		_CLeakage      		CODE           	0D45	0000	344
		_Settings      		CODE           	0416	0000	975
		_EEPROMSET     		CODE           	1D89	0000	55

RTC_F.c estimated size: 2281

